<?xml version="1.0" encoding="UTF-8"?>
<BasicDocument title="Basic Document">
  <Section title="Section One" hlevel="2">
Some content in section one.
  </Section>
  <Section title="Section Two" hlevel="2">
Some content in section two.<Section title="Nested Section" hlevel="3">This is a nested section with some code:```typescript
function hello() {
  console.log('Hello, world!');
}
```</Section></Section>
  <Section title="Section Three" hlevel="2">
Final section with:
- A bullet point
- Another point
  - Nested point
- Final point
  </Section>
</BasicDocument>