<?xml version="1.0" encoding="UTF-8"?>
<ComplexDocument title="Complex Document">
  <Section title="‰Ω†Â•ΩÔºå‰∏ñÁïå" hlevel="2">
Some unicode content
  </Section>
  <Section title="üéâ Emoji Title üöÄ" hlevel="2">
„Åì„Çì„Å´„Å°„ÅØ and Caf√©
  </Section>
  <Section title="Code Blocks" hlevel="2">
```typescript
interface Test {
  name: string;
}
```

```python
def hello():
    print("Hello")
```
  </Section>
  <Section title="About the Project" hlevel="2">
Project info
    <Section title="About Development" hlevel="3">
Dev info
    </Section>
  </Section>
  <Section title="Getting Started (Quick Guide)" hlevel="2">
This section has a title with parentheses
  </Section>
  <Section title="Section with code in title" hlevel="2">
This tests how we handle inline code in headings.
  </Section>
  <Section title="Multiple Levels" hlevel="2">
    <Section title="First Level" hlevel="3">
      <Section title="Second Level" hlevel="4">
        <Section title="Third Level" hlevel="5">
          <Section title="Fourth Level" hlevel="6">
Testing deep nesting.
          </Section>
        </Section>
      </Section>
    </Section>
  </Section>
  <Section title="Special Characters: !@#$%^&amp;*" hlevel="2">
Testing special characters in headings.
  </Section>
  <Section title="Lists and Tables" hlevel="2">
1. Numbered list
2. With sub-points
- Mixed bullet
- Another bullet
3. Back to numbers

| Header 1 | Header 2 |
|----------|----------|
| Cell 1   | Cell 2   |
| Cell 3   | Cell 4   |
  </Section>
  <Section title="[Section with Brackets]" hlevel="2">
Testing brackets in heading.
  </Section>
  <Section title="Ambiguous Section Names" hlevel="2">
    <Section title="About" hlevel="3">
Content about something.
    </Section>
    <Section title="About the Project" hlevel="3">
Similar but different section.
    </Section>
    <Section title="About Development" hlevel="3">
Yet another similar section.
    </Section>
  </Section>
</ComplexDocument>