<?xml version="1.0" encoding="UTF-8"?>
<ArchitectureDocumentation title="Architecture Documentation">
  <Section title="System Overview" hlevel="2">
The system consists of multiple components:
- Frontend
- Backend
- Database
  </Section>
  <Section title="Component Details" hlevel="2">
    <Section title="Frontend" hlevel="3">
Built with React &amp; TypeScript
    </Section>
    <Section title="Backend" hlevel="3">
Node.js with Express
    </Section>
    <Section title="Database" hlevel="3">
PostgreSQL for persistence
    </Section>
  </Section>
  <Section title="Deployment" hlevel="2">
Using Docker &amp; Kubernetes
  </Section>
</ArchitectureDocumentation>